// Jest Snapshot v1, https://goo.gl/fbAQLP

exports[`CartItem renders the cart item 1`] = `
<DocumentFragment>
  <div
    class="shadow rounded-tr-xl rounded-bl-xl rounded-br-xl product-item-container"
  >
    <div
      class="md:h-full"
    >
      <img
        class="rounded-tl-xl rounded-tr-xl w-full md:h-40 md:rounded-tr-none md:rounded-bl-xl object-cover"
        data-testid="product-item-image"
      />
    </div>
    <div
      class="pl-4 pr-4 pt-6 pb-6 grid gap-3"
    >
      <div
        class="flex justify-between items-center"
      >
        <div>
          <a
            href="/product/undefined"
          >
            <p
              class="font-bold mb-2"
              data-testid="product-item-name"
            />
          </a>
          <p
            class="font-bold mb-2"
            data-testid="product-item-price"
          >
            Â£
          </p>
          <div
            data-testid="product-qty-selector"
          >
            Quantity:
            <select
              class="border ml-2"
            >
              <option
                value="1"
              >
                1
              </option>
            </select>
          </div>
        </div>
        <button
          data-testid="remove-item-button"
          type="button"
        >
          <svg
            fill="currentColor"
            height="1em"
            stroke="currentColor"
            stroke-width="0"
            viewBox="0 0 448 512"
            width="1em"
            xmlns="http://www.w3.org/2000/svg"
          >
            <path
              d="M432 32H312l-9.4-18.7A24 24 0 0 0 281.1 0H166.8a23.72 23.72 0 0 0-21.4 13.3L136 32H16A16 16 0 0 0 0 48v32a16 16 0 0 0 16 16h416a16 16 0 0 0 16-16V48a16 16 0 0 0-16-16zM53.2 467a48 48 0 0 0 47.9 45h245.8a48 48 0 0 0 47.9-45L416 128H32z"
            />
          </svg>
        </button>
      </div>
    </div>
  </div>
</DocumentFragment>
`;
